<?xml version="1.0" encoding="utf-8" ?>
<result>
	<row>
		<label>user3</label>
		<nb_visits>34</nb_visits>
		<nb_actions>53</nb_actions>
		<max_actions>3</max_actions>
		<sum_visit_length>20</sum_visit_length>
		<bounce_count>19</bounce_count>
		<nb_visits_converted>0</nb_visits_converted>
		<sum_daily_nb_uniq_visitors>8</sum_daily_nb_uniq_visitors>
		<sum_daily_nb_users>8</sum_daily_nb_users>
		
	</row>
	<row>
		<label>user1</label>
		<nb_visits>12</nb_visits>
		<nb_actions>18</nb_actions>
		<max_actions>3</max_actions>
		<sum_visit_length>6</sum_visit_length>
		<bounce_count>7</bounce_count>
		<nb_visits_converted>0</nb_visits_converted>
		<sum_daily_nb_uniq_visitors>3</sum_daily_nb_uniq_visitors>
		<sum_daily_nb_users>3</sum_daily_nb_users>
		
	</row>
</result>